
[TestPrettyCsv - 1]
| [36mAccount[0m | [36mAsset[0m | [36mBalance[0m |
| alice   | EUR/2    | 1       |
| alice   | USD/1234 | 999999  |
| bob     | BTC      | 3       |
---
